Wersja programu MSBuild 17.9.8+b34f75857 dla .NET Framework

  glfw.vcxproj -> C:\Users\natma\Documents\GitHub\Fin\build\_deps\glfw-build\src\Debug\glfw3.lib
  EditorLogic.cpp
C:\Users\natma\Documents\GitHub\Fin\src\EditorLogic.cpp(316,26): error C2039: "cout": nie jest składową elementu "std" [C:\Users\natma\Documents\GitHub\Fin\build\Fin.vcxproj]
  C:\Program Files\Microsoft Visual Studio\2022\Enterprise\VC\Tools\MSVC\14.39.33519\include\sstream(19,1):
  zobacz deklarację "std"
  
C:\Users\natma\Documents\GitHub\Fin\src\EditorLogic.cpp(316,26): error C2065: "cout": niezadeklarowany identyfikator [C:\Users\natma\Documents\GitHub\Fin\build\Fin.vcxproj]
  boing.vcxproj -> C:\Users\natma\Documents\GitHub\Fin\build\_deps\glfw-build\examples\Debug\boing.exe
  clipboard.vcxproj -> C:\Users\natma\Documents\GitHub\Fin\build\_deps\glfw-build\tests\Debug\clipboard.exe
  cursor.vcxproj -> C:\Users\natma\Documents\GitHub\Fin\build\_deps\glfw-build\tests\Debug\cursor.exe
  empty.vcxproj -> C:\Users\natma\Documents\GitHub\Fin\build\_deps\glfw-build\tests\Debug\empty.exe
  events.vcxproj -> C:\Users\natma\Documents\GitHub\Fin\build\_deps\glfw-build\tests\Debug\events.exe
  gamma.vcxproj -> C:\Users\natma\Documents\GitHub\Fin\build\_deps\glfw-build\tests\Debug\gamma.exe
  gears.vcxproj -> C:\Users\natma\Documents\GitHub\Fin\build\_deps\glfw-build\examples\Debug\gears.exe
  glfwinfo.vcxproj -> C:\Users\natma\Documents\GitHub\Fin\build\_deps\glfw-build\tests\Debug\glfwinfo.exe
  heightmap.vcxproj -> C:\Users\natma\Documents\GitHub\Fin\build\_deps\glfw-build\examples\Debug\heightmap.exe
  icon.vcxproj -> C:\Users\natma\Documents\GitHub\Fin\build\_deps\glfw-build\tests\Debug\icon.exe
  iconify.vcxproj -> C:\Users\natma\Documents\GitHub\Fin\build\_deps\glfw-build\tests\Debug\iconify.exe
  inputlag.vcxproj -> C:\Users\natma\Documents\GitHub\Fin\build\_deps\glfw-build\tests\Debug\inputlag.exe
  joysticks.vcxproj -> C:\Users\natma\Documents\GitHub\Fin\build\_deps\glfw-build\tests\Debug\joysticks.exe
  monitors.vcxproj -> C:\Users\natma\Documents\GitHub\Fin\build\_deps\glfw-build\tests\Debug\monitors.exe
  msaa.vcxproj -> C:\Users\natma\Documents\GitHub\Fin\build\_deps\glfw-build\tests\Debug\msaa.exe
  offscreen.vcxproj -> C:\Users\natma\Documents\GitHub\Fin\build\_deps\glfw-build\examples\Debug\offscreen.exe
  opacity.vcxproj -> C:\Users\natma\Documents\GitHub\Fin\build\_deps\glfw-build\tests\Debug\opacity.exe
  particles.vcxproj -> C:\Users\natma\Documents\GitHub\Fin\build\_deps\glfw-build\examples\Debug\particles.exe
  reopen.vcxproj -> C:\Users\natma\Documents\GitHub\Fin\build\_deps\glfw-build\tests\Debug\reopen.exe
  sharing.vcxproj -> C:\Users\natma\Documents\GitHub\Fin\build\_deps\glfw-build\examples\Debug\sharing.exe
  simple.vcxproj -> C:\Users\natma\Documents\GitHub\Fin\build\_deps\glfw-build\examples\Debug\simple.exe
  splitview.vcxproj -> C:\Users\natma\Documents\GitHub\Fin\build\_deps\glfw-build\examples\Debug\splitview.exe
  tearing.vcxproj -> C:\Users\natma\Documents\GitHub\Fin\build\_deps\glfw-build\tests\Debug\tearing.exe
  threads.vcxproj -> C:\Users\natma\Documents\GitHub\Fin\build\_deps\glfw-build\tests\Debug\threads.exe
  timeout.vcxproj -> C:\Users\natma\Documents\GitHub\Fin\build\_deps\glfw-build\tests\Debug\timeout.exe
  title.vcxproj -> C:\Users\natma\Documents\GitHub\Fin\build\_deps\glfw-build\tests\Debug\title.exe
  triangle-vulkan.vcxproj -> C:\Users\natma\Documents\GitHub\Fin\build\_deps\glfw-build\tests\Debug\triangle-vulkan.exe
  wave.vcxproj -> C:\Users\natma\Documents\GitHub\Fin\build\_deps\glfw-build\examples\Debug\wave.exe
  windows.vcxproj -> C:\Users\natma\Documents\GitHub\Fin\build\_deps\glfw-build\tests\Debug\windows.exe
